// Jest Snapshot v1, https://goo.gl/fbAQLP

exports[`should render Expense List Item 1`] = `
<div>
  <div>
    <Link
      to="/edit/1"
    >
      <h3>
        1
        . 
        gum
      </h3>
    </Link>
    <p>
      10.00
      Rs :
      January 1st, 1970
    </p>
  </div>
</div>
`;
